<?xml version="1.0" encoding="utf-8"?><testsuites><testsuite name="pytest" errors="0" failures="0" skipped="0" tests="11" time="0.626" timestamp="2023-08-15T13:59:23.036345" hostname="pop-os"><testcase classname="tests.test_banking_api" name="test_open_account" file="tests/test_banking_api.py" line="8" time="0.051" /><testcase classname="tests.test_banking_application" name="test_account_does_not_exist" file="tests/test_banking_application.py" line="94" time="0.001" /><testcase classname="tests.test_banking_application" name="test_account_exists" file="tests/test_banking_application.py" line="102" time="0.002" /><testcase classname="tests.test_banking_application" name="test_deposit" file="tests/test_banking_application.py" line="109" time="0.003" /><testcase classname="tests.test_banking_application" name="test_withdraw" file="tests/test_banking_application.py" line="136" time="0.002" /><testcase classname="tests.test_banking_application" name="test_insufficient" file="tests/test_banking_application.py" line="158" time="0.002" /><testcase classname="tests.test_banking_application" name="test_transfer" file="tests/test_banking_application.py" line="174" time="0.010" /><testcase classname="tests.test_banking_application" name="test_closed" file="tests/test_banking_application.py" line="246" time="0.005" /><testcase classname="tests.test_banking_application" name="test_debit" file="tests/test_banking_application.py" line="299" time="0.002" /><testcase classname="tests.test_banking_application" name="test_overdraft" file="tests/test_banking_application.py" line="307" time="0.005" /><testcase classname="tests.test_banking_application" name="test_password" file="tests/test_banking_application.py" line="369" time="0.003" /></testsuite></testsuites>